// Jest Snapshot v1, https://goo.gl/fbAQLP

exports[`renders search button component 1`] = `
<DocumentFragment>
  <button
    class="primary"
  >
    Hello
  </button>
</DocumentFragment>
`;
